
31 erro(s) semantico(s) encontrado(s).
Erro Semantico: variavel 'a' nao declarada.
Erro Semantico: variavel 'b' nao declarada.
Erro Semantico: variavel 'a' nao declarada.
Erro Semantico: variavel 'b' nao declarada.
Erro Semantico: variavel 'a' nao declarada.
Erro Semantico: variavel 'x' nao declarada.
Erro Semantico: variavel 'a' nao declarada.
Erro Semantico: variavel 'b' nao declarada.
Erro Semantico: variavel 'x' nao declarada.
Erro Semantico: variavel 'a' nao declarada.
Erro Semantico: variavel 'a' nao declarada.
Erro Semantico: variavel 'b' nao declarada.
Erro Semantico: variavel 'b' nao declarada.
Erro Semantico: variavel 'a' nao declarada.
Erro Semantico: variavel 'x' nao declarada.
Erro Semantico: variavel 'x' nao declarada.
Erro Semantico: variavel 'a' nao declarada.
Erro Semantico: variavel 'a' nao declarada.
Erro Semantico: variavel 'b' nao declarada.
Erro Semantico: variavel 'x' nao declarada.
Erro Semantico: variavel 'a' nao declarada.
Erro Semantico: variavel 'a' nao declarada.
Erro Semantico: variavel 'x' nao declarada.
Erro Semantico: variavel 'd' nao declarada.
Erro Semantico: variavel 'a' nao declarada.
Erro Semantico: variavel 'b' nao declarada.
Erro Semantico: variavel 'a' nao declarada.
Erro Semantico: variavel 'd' nao declarada.
Erro Semantico: variavel 'b' nao declarada.
Erro Semantico: variavel 'x' nao declarada.
Erro Semantico: variavel 'd' nao declarada.
